// Jest Snapshot v1, https://goo.gl/fbAQLP

exports[`VariableCatalog snapshot should render correctly 1`] = `
.c0 {
  max-width: 300px;
  border: 1px solid #dddddd;
  border-radius: 5px;
  padding: 1rem;
  list-style-type: none;
  font-size: 0.85rem;
  overflow: hidden;
}

.c2 {
  list-style-type: none;
  padding-left: 0;
  overflow: hidden;
  display: none;
}

.c1 {
  display: -webkit-box;
  display: -webkit-flex;
  display: -ms-flexbox;
  display: flex;
  width: 100%;
  outline: none;
  border: 0;
  padding-top: 0.5rem;
  padding-right: 1rem;
  padding-bottom: 0.5rem;
  padding-left: 1rem;
  -webkit-flex-direction: row;
  -ms-flex-direction: row;
  flex-direction: row;
  -webkit-box-pack: start;
  -webkit-justify-content: flex-start;
  -ms-flex-pack: start;
  justify-content: flex-start;
  -webkit-flex-wrap: nowrap;
  -ms-flex-wrap: nowrap;
  flex-wrap: nowrap;
  -webkit-align-items: center;
  -webkit-box-align: center;
  -ms-flex-align: center;
  align-items: center;
  color: #333333;
  text-align: left;
  background-color: transparent;
  cursor: pointer;
  -webkit-transition: all 0.3s ease;
  transition: all 0.3s ease;
}

.c1:hover {
  color: #3A9FC2;
}

.c1:before {
  content: '';
  width: 24px;
  height: 24px;
  -webkit-flex: 0 0 auto;
  -ms-flex: 0 0 auto;
  flex: 0 0 auto;
  margin-right: 0.5rem;
  background-image: url(test-file-stub);
  -webkit-transform: rotate(0deg);
  -ms-transform: rotate(0deg);
  transform: rotate(0deg);
  -webkit-transition: all 0.3s ease;
  transition: all 0.3s ease;
}

.c3 {
  display: -webkit-box;
  display: -webkit-flex;
  display: -ms-flexbox;
  display: flex;
  width: 100%;
  outline: none;
  border: 0;
  padding-top: 0.5rem;
  padding-right: 1rem;
  padding-bottom: 0.5rem;
  padding-left: 2rem;
  -webkit-flex-direction: row;
  -ms-flex-direction: row;
  flex-direction: row;
  -webkit-box-pack: start;
  -webkit-justify-content: flex-start;
  -ms-flex-pack: start;
  justify-content: flex-start;
  -webkit-flex-wrap: nowrap;
  -ms-flex-wrap: nowrap;
  flex-wrap: nowrap;
  -webkit-align-items: center;
  -webkit-box-align: center;
  -ms-flex-align: center;
  align-items: center;
  color: #333333;
  text-align: left;
  background-color: transparent;
  cursor: pointer;
  -webkit-transition: all 0.3s ease;
  transition: all 0.3s ease;
}

.c3:hover {
  color: #3A9FC2;
}

.c3:before {
  content: '';
  width: 24px;
  height: 24px;
  -webkit-flex: 0 0 auto;
  -ms-flex: 0 0 auto;
  flex: 0 0 auto;
  margin-right: 0.5rem;
  background-image: url(test-file-stub);
  -webkit-transform: rotate(0deg);
  -ms-transform: rotate(0deg);
  transform: rotate(0deg);
  -webkit-transition: all 0.3s ease;
  transition: all 0.3s ease;
}

.c4 {
  display: -webkit-box;
  display: -webkit-flex;
  display: -ms-flexbox;
  display: flex;
  width: 100%;
  outline: none;
  border: 0;
  padding-top: 0.5rem;
  padding-right: 1rem;
  padding-bottom: 0.5rem;
  padding-left: 3rem;
  -webkit-flex-direction: row;
  -ms-flex-direction: row;
  flex-direction: row;
  -webkit-box-pack: start;
  -webkit-justify-content: flex-start;
  -ms-flex-pack: start;
  justify-content: flex-start;
  -webkit-flex-wrap: nowrap;
  -ms-flex-wrap: nowrap;
  flex-wrap: nowrap;
  -webkit-align-items: center;
  -webkit-box-align: center;
  -ms-flex-align: center;
  align-items: center;
  color: #333333;
  text-align: left;
  background-color: transparent;
  cursor: pointer;
  -webkit-transition: all 0.3s ease;
  transition: all 0.3s ease;
}

.c4:hover {
  color: #3A9FC2;
}

.c4:before {
  content: '';
  width: 24px;
  height: 24px;
  -webkit-flex: 0 0 auto;
  -ms-flex: 0 0 auto;
  flex: 0 0 auto;
  margin-right: 0.5rem;
  background-image: url(test-file-stub);
}

.c5 {
  display: -webkit-box;
  display: -webkit-flex;
  display: -ms-flexbox;
  display: flex;
  width: 100%;
  outline: none;
  border: 0;
  padding-top: 0.5rem;
  padding-right: 1rem;
  padding-bottom: 0.5rem;
  padding-left: 2rem;
  -webkit-flex-direction: row;
  -ms-flex-direction: row;
  flex-direction: row;
  -webkit-box-pack: start;
  -webkit-justify-content: flex-start;
  -ms-flex-pack: start;
  justify-content: flex-start;
  -webkit-flex-wrap: nowrap;
  -ms-flex-wrap: nowrap;
  flex-wrap: nowrap;
  -webkit-align-items: center;
  -webkit-box-align: center;
  -ms-flex-align: center;
  align-items: center;
  color: #333333;
  text-align: left;
  background-color: transparent;
  cursor: pointer;
  -webkit-transition: all 0.3s ease;
  transition: all 0.3s ease;
}

.c5:hover {
  color: #3A9FC2;
}

.c5:before {
  content: '';
  width: 24px;
  height: 24px;
  -webkit-flex: 0 0 auto;
  -ms-flex: 0 0 auto;
  flex: 0 0 auto;
  margin-right: 0.5rem;
  background-image: url(test-file-stub);
}

.c6 {
  display: -webkit-box;
  display: -webkit-flex;
  display: -ms-flexbox;
  display: flex;
  width: 100%;
  outline: none;
  border: 0;
  padding-top: 0.5rem;
  padding-right: 1rem;
  padding-bottom: 0.5rem;
  padding-left: 1rem;
  -webkit-flex-direction: row;
  -ms-flex-direction: row;
  flex-direction: row;
  -webkit-box-pack: start;
  -webkit-justify-content: flex-start;
  -ms-flex-pack: start;
  justify-content: flex-start;
  -webkit-flex-wrap: nowrap;
  -ms-flex-wrap: nowrap;
  flex-wrap: nowrap;
  -webkit-align-items: center;
  -webkit-box-align: center;
  -ms-flex-align: center;
  align-items: center;
  color: #333333;
  text-align: left;
  background-color: transparent;
  cursor: pointer;
  -webkit-transition: all 0.3s ease;
  transition: all 0.3s ease;
}

.c6:hover {
  color: #3A9FC2;
}

.c6:before {
  content: '';
  width: 24px;
  height: 24px;
  -webkit-flex: 0 0 auto;
  -ms-flex: 0 0 auto;
  flex: 0 0 auto;
  margin-right: 0.5rem;
  background-image: url(test-file-stub);
}

<ul
  class="c0"
>
  <li
    class="test-category-wrapper"
  >
    <button
      class="c1"
    >
      Awareness Metrics
    </button>
    <ul
      class="c2"
    >
      <li
        class="test-category-wrapper"
      >
        <button
          class="c3"
        >
          Taxis
        </button>
        <ul
          class="c2"
        >
          <li>
            <button
              class="c4"
            >
              Unaided Awareness (Taxis)
            </button>
          </li>
          <li>
            <button
              class="c4"
            >
              Aided Awareness (Taxis)
            </button>
          </li>
        </ul>
      </li>
      <li
        class="test-category-wrapper"
      >
        <button
          class="c3"
        >
          Coffee
        </button>
        <ul
          class="c2"
        >
          <li>
            <button
              class="c4"
            >
              Unaided Awareness (Coffee Roasters)
            </button>
          </li>
          <li>
            <button
              class="c4"
            >
              Aided Awareness (Coffee Roasters)
            </button>
          </li>
        </ul>
      </li>
    </ul>
  </li>
  <li
    class="test-category-wrapper"
  >
    <button
      class="c1"
    >
      Purchase Consideration and Behavior
    </button>
    <ul
      class="c2"
    >
      <li
        class="test-category-wrapper"
      >
        <button
          class="c3"
        >
          Taxis
        </button>
        <ul
          class="c2"
        >
          <li>
            <button
              class="c4"
            >
              Consideration
            </button>
          </li>
          <li>
            <button
              class="c4"
            >
              Likely Purchase
            </button>
          </li>
          <li>
            <button
              class="c4"
            >
              Usage
            </button>
          </li>
          <li>
            <button
              class="c4"
            >
              Specific Service Usage
            </button>
          </li>
        </ul>
      </li>
      <li
        class="test-category-wrapper"
      >
        <button
          class="c3"
        >
          Coffee
        </button>
        <ul
          class="c2"
        >
          <li>
            <button
              class="c4"
            >
              Blue Bottle Coffee Usage
            </button>
          </li>
          <li>
            <button
              class="c4"
            >
              Stumptown Coffee Roasters Usage
            </button>
          </li>
          <li>
            <button
              class="c4"
            >
              Ritual Roasters Usage
            </button>
          </li>
          <li>
            <button
              class="c4"
            >
              FOURBARREL Usage
            </button>
          </li>
        </ul>
      </li>
    </ul>
  </li>
  <li
    class="test-category-wrapper"
  >
    <button
      class="c1"
    >
      Demographics and Technographics
    </button>
    <ul
      class="c2"
    >
      <li>
        <button
          class="c5"
        >
          Gender
        </button>
      </li>
      <li>
        <button
          class="c5"
        >
          Education
        </button>
      </li>
      <li>
        <button
          class="c5"
        >
          Marital Status
        </button>
      </li>
      <li>
        <button
          class="c5"
        >
          Children Under 18
        </button>
      </li>
      <li>
        <button
          class="c5"
        >
          Family Income
        </button>
      </li>
      <li>
        <button
          class="c5"
        >
          (unnamed variable)
        </button>
      </li>
    </ul>
  </li>
  <li
    class="test-category-wrapper"
  >
    <button
      class="c1"
    >
      Dimensions
    </button>
    <ul
      class="c2"
    >
      <li>
        <button
          class="c5"
        >
          City
        </button>
      </li>
      <li>
        <button
          class="c5"
        >
          Wave
        </button>
      </li>
    </ul>
  </li>
  <li>
    <button
      class="c6"
    >
      weight
    </button>
  </li>
  <li>
    <button
      class="c6"
    >
      Weight
    </button>
  </li>
</ul>
`;
