// Jest Snapshot v1, https://goo.gl/fbAQLP

exports[`VariableCatalog snapshot should render correctly 1`] = `
<styled.ul>
  <li
    className="test-category-wrapper"
    key="Awareness Metrics"
  >
    <Category
      collapsed={true}
      depth={0}
      onClick={[Function]}
    >
      Awareness Metrics
    </Category>
    <SubTree
      collapsed={true}
    >
      <li
        className="test-category-wrapper"
        key="Taxis"
      >
        <Category
          collapsed={true}
          depth={1}
          onClick={[Function]}
        >
          Taxis
        </Category>
        <SubTree
          collapsed={true}
        >
          <li
            key="11b0b9"
          >
            <styled.button
              depth={2}
            >
              Unaided Awareness (Taxis)
            </styled.button>
          </li>
          <li
            key="7a89e0"
          >
            <styled.button
              depth={2}
            >
              Aided Awareness (Taxis)
            </styled.button>
          </li>
        </SubTree>
      </li>
      <li
        className="test-category-wrapper"
        key="Coffee"
      >
        <Category
          collapsed={true}
          depth={1}
          onClick={[Function]}
        >
          Coffee
        </Category>
        <SubTree
          collapsed={true}
        >
          <li
            key="786c0f"
          >
            <styled.button
              depth={2}
            >
              Unaided Awareness (Coffee Roasters)
            </styled.button>
          </li>
          <li
            key="2d27ab"
          >
            <styled.button
              depth={2}
            >
              Aided Awareness (Coffee Roasters)
            </styled.button>
          </li>
        </SubTree>
      </li>
    </SubTree>
  </li>
  <li
    className="test-category-wrapper"
    key="Purchase Consideration and Behavior"
  >
    <Category
      collapsed={true}
      depth={0}
      onClick={[Function]}
    >
      Purchase Consideration and Behavior
    </Category>
    <SubTree
      collapsed={true}
    >
      <li
        className="test-category-wrapper"
        key="Taxis"
      >
        <Category
          collapsed={true}
          depth={1}
          onClick={[Function]}
        >
          Taxis
        </Category>
        <SubTree
          collapsed={true}
        >
          <li
            key="ede6a8"
          >
            <styled.button
              depth={2}
            >
              Consideration
            </styled.button>
          </li>
          <li
            key="62c00f"
          >
            <styled.button
              depth={2}
            >
              Likely Purchase
            </styled.button>
          </li>
          <li
            key="0f6ce0"
          >
            <styled.button
              depth={2}
            >
              Usage
            </styled.button>
          </li>
          <li
            key="f2a681"
          >
            <styled.button
              depth={2}
            >
              Specific Service Usage
            </styled.button>
          </li>
        </SubTree>
      </li>
      <li
        className="test-category-wrapper"
        key="Coffee"
      >
        <Category
          collapsed={true}
          depth={1}
          onClick={[Function]}
        >
          Coffee
        </Category>
        <SubTree
          collapsed={true}
        >
          <li
            key="8d7127"
          >
            <styled.button
              depth={2}
            >
              Blue Bottle Coffee Usage
            </styled.button>
          </li>
          <li
            key="ee3e40"
          >
            <styled.button
              depth={2}
            >
              Stumptown Coffee Roasters Usage
            </styled.button>
          </li>
          <li
            key="8f7db6"
          >
            <styled.button
              depth={2}
            >
              Ritual Roasters Usage
            </styled.button>
          </li>
          <li
            key="3a5f89"
          >
            <styled.button
              depth={2}
            >
              FOURBARREL Usage
            </styled.button>
          </li>
        </SubTree>
      </li>
    </SubTree>
  </li>
  <li
    className="test-category-wrapper"
    key="Demographics and Technographics"
  >
    <Category
      collapsed={true}
      depth={0}
      onClick={[Function]}
    >
      Demographics and Technographics
    </Category>
    <SubTree
      collapsed={true}
    >
      <li
        key="c83da2"
      >
        <styled.button
          depth={1}
        >
          Gender
        </styled.button>
      </li>
      <li
        key="e08fbc"
      >
        <styled.button
          depth={1}
        >
          Education
        </styled.button>
      </li>
      <li
        key="1b44a4"
      >
        <styled.button
          depth={1}
        >
          Marital Status
        </styled.button>
      </li>
      <li
        key="5b6a73"
      >
        <styled.button
          depth={1}
        >
          Children Under 18
        </styled.button>
      </li>
      <li
        key="91a33f"
      >
        <styled.button
          depth={1}
        >
          Family Income
        </styled.button>
      </li>
      <li
        key="9f4b60"
      >
        <styled.button
          depth={1}
        >
          (unnamed variable)
        </styled.button>
      </li>
    </SubTree>
  </li>
  <li
    className="test-category-wrapper"
    key="Dimensions"
  >
    <Category
      collapsed={true}
      depth={0}
      onClick={[Function]}
    >
      Dimensions
    </Category>
    <SubTree
      collapsed={true}
    >
      <li
        key="d88613"
      >
        <styled.button
          depth={1}
        >
          City
        </styled.button>
      </li>
      <li
        key="0323cf"
      >
        <styled.button
          depth={1}
        >
          Wave
        </styled.button>
      </li>
    </SubTree>
  </li>
  <li
    key="d0fe8b"
  >
    <styled.button
      depth={0}
    >
      weight
    </styled.button>
  </li>
  <li
    key="0894c5"
  >
    <styled.button
      depth={0}
    >
      Weight
    </styled.button>
  </li>
</styled.ul>
`;
